Copyright 1986-2022 Xilinx, Inc. All Rights Reserved. Copyright 2022-2025 Advanced Micro Devices, Inc. All Rights Reserved.
---------------------------------------------------------------------------------------------------------------------------------------------
| Tool Version : Vivado v.2025.2 (win64) Build 6299465 Fri Nov 14 19:35:11 GMT 2025
| Date         : Mon Aug 24 00:11:54 2026
| Host         : HP-VICTUS running 64-bit major release  (build 9200)
| Command      : report_control_sets -verbose -file Pipeline_top_control_sets_placed.rpt
| Design       : Pipeline_top
| Device       : xc7a200t
---------------------------------------------------------------------------------------------------------------------------------------------

Control Set Information

Table of Contents
-----------------
1. Summary
2. Histogram
3. Flip-Flop Distribution
4. Detailed Control Set Information

1. Summary
----------

+----------------------------------------------------------+-------+
|                          Status                          | Count |
+----------------------------------------------------------+-------+
| Total control sets                                       |     7 |
|    Minimum number of control sets                        |     7 |
|    Addition due to synthesis replication                 |     0 |
|    Addition due to physical synthesis replication        |     0 |
| Unused register locations in slices containing registers |     3 |
+----------------------------------------------------------+-------+
* Control sets can be merged at opt_design using control_set_merge or merge_equivalent_drivers
** Run report_qor_suggestions for automated merging and remapping suggestions


2. Histogram
------------

+--------------------+-------+
|       Fanout       | Count |
+--------------------+-------+
| Total control sets |     7 |
| >= 0 to < 4        |     0 |
| >= 4 to < 6        |     0 |
| >= 6 to < 8        |     0 |
| >= 8 to < 10       |     0 |
| >= 10 to < 12      |     0 |
| >= 12 to < 14      |     0 |
| >= 14 to < 16      |     0 |
| >= 16              |     7 |
+--------------------+-------+
* Control sets can be remapped at either synth_design or opt_design


3. Flip-Flop Distribution
-------------------------

+--------------+-----------------------+------------------------+-----------------+--------------+
| Clock Enable | Synchronous Set/Reset | Asynchronous Set/Reset | Total Registers | Total Slices |
+--------------+-----------------------+------------------------+-----------------+--------------+
| No           | No                    | No                     |              30 |            4 |
| No           | No                    | Yes                    |             391 |          130 |
| No           | Yes                   | No                     |               0 |            0 |
| Yes          | No                    | No                     |               0 |            0 |
| Yes          | No                    | Yes                    |               0 |            0 |
| Yes          | Yes                   | No                     |               0 |            0 |
+--------------+-----------------------+------------------------+-----------------+--------------+


4. Detailed Control Set Information
-----------------------------------

+----------------+-----------------------------------+------------------+------------------+----------------+--------------+
|  Clock Signal  |           Enable Signal           | Set/Reset Signal | Slice Load Count | Bel Load Count | Bels / Slice |
+----------------+-----------------------------------+------------------+------------------+----------------+--------------+
|  clk_IBUF_BUFG |                                   |                  |                4 |             60 |        15.00 |
|  clk_IBUF_BUFG | memory/RegWriteW_OBUF             |                  |               11 |             88 |         8.00 |
|  clk_IBUF_BUFG | execute/ALUResultE_r_reg_rep[9]_0 |                  |               32 |            128 |         4.00 |
|  clk_IBUF_BUFG | execute/ALUResultE_r_reg_rep[8]_0 |                  |               32 |            128 |         4.00 |
|  clk_IBUF_BUFG | execute/MemWriteE_r_reg_1         |                  |               32 |            128 |         4.00 |
|  clk_IBUF_BUFG | execute/MemWriteE_r_reg_0         |                  |               32 |            128 |         4.00 |
|  clk_IBUF_BUFG |                                   | memory/rst       |              130 |            391 |         3.01 |
+----------------+-----------------------------------+------------------+------------------+----------------+--------------+


