INFO: [VRFC 10-2263] Analyzing Verilog file "E:/Electronics/Verilog Projects/RISC-V_Pipelined_Core/RISC-V Pipelined Core.sim/sim_1/impl/timing/xsim/Pipeline_top_tb_time_impl.v" into library xil_defaultlib
INFO: [VRFC 10-311] analyzing module RAM256X1S_UNIQ_BASE_
INFO: [VRFC 10-311] analyzing module RAM256X1S_HD1268
INFO: [VRFC 10-311] analyzing module RAM256X1S_HD1269
INFO: [VRFC 10-311] analyzing module RAM256X1S_HD1270
INFO: [VRFC 10-311] analyzing module RAM256X1S_HD1271
INFO: [VRFC 10-311] analyzing module RAM256X1S_HD1272
INFO: [VRFC 10-311] analyzing module RAM256X1S_HD1273
INFO: [VRFC 10-311] analyzing module RAM256X1S_HD1274
INFO: [VRFC 10-311] analyzing module RAM256X1S_HD1275
INFO: [VRFC 10-311] analyzing module RAM256X1S_HD1276
INFO: [VRFC 10-311] analyzing module RAM256X1S_HD1277
INFO: [VRFC 10-311] analyzing module RAM256X1S_HD1278
INFO: [VRFC 10-311] analyzing module RAM256X1S_HD1279
INFO: [VRFC 10-311] analyzing module RAM256X1S_HD1280
INFO: [VRFC 10-311] analyzing module RAM256X1S_HD1281
INFO: [VRFC 10-311] analyzing module RAM256X1S_HD1282
INFO: [VRFC 10-311] analyzing module RAM256X1S_HD1283
INFO: [VRFC 10-311] analyzing module RAM256X1S_HD1284
INFO: [VRFC 10-311] analyzing module RAM256X1S_HD1285
INFO: [VRFC 10-311] analyzing module RAM256X1S_HD1286
INFO: [VRFC 10-311] analyzing module RAM256X1S_HD1287
INFO: [VRFC 10-311] analyzing module RAM256X1S_HD1288
INFO: [VRFC 10-311] analyzing module RAM256X1S_HD1289
INFO: [VRFC 10-311] analyzing module RAM256X1S_HD1290
INFO: [VRFC 10-311] analyzing module RAM256X1S_HD1291
INFO: [VRFC 10-311] analyzing module RAM256X1S_HD1292
INFO: [VRFC 10-311] analyzing module RAM256X1S_HD1293
INFO: [VRFC 10-311] analyzing module RAM256X1S_HD1294
INFO: [VRFC 10-311] analyzing module RAM256X1S_HD1295
INFO: [VRFC 10-311] analyzing module RAM256X1S_HD1296
INFO: [VRFC 10-311] analyzing module RAM256X1S_HD1297
INFO: [VRFC 10-311] analyzing module RAM256X1S_HD1298
INFO: [VRFC 10-311] analyzing module RAM256X1S_HD1299
INFO: [VRFC 10-311] analyzing module RAM256X1S_HD1300
INFO: [VRFC 10-311] analyzing module RAM256X1S_HD1301
INFO: [VRFC 10-311] analyzing module RAM256X1S_HD1302
INFO: [VRFC 10-311] analyzing module RAM256X1S_HD1303
INFO: [VRFC 10-311] analyzing module RAM256X1S_HD1304
INFO: [VRFC 10-311] analyzing module RAM256X1S_HD1305
INFO: [VRFC 10-311] analyzing module RAM256X1S_HD1306
INFO: [VRFC 10-311] analyzing module RAM256X1S_HD1307
INFO: [VRFC 10-311] analyzing module RAM256X1S_HD1308
INFO: [VRFC 10-311] analyzing module RAM256X1S_HD1309
INFO: [VRFC 10-311] analyzing module RAM256X1S_HD1310
INFO: [VRFC 10-311] analyzing module RAM256X1S_HD1311
INFO: [VRFC 10-311] analyzing module RAM256X1S_HD1312
INFO: [VRFC 10-311] analyzing module RAM256X1S_HD1313
INFO: [VRFC 10-311] analyzing module RAM256X1S_HD1314
INFO: [VRFC 10-311] analyzing module RAM256X1S_HD1315
INFO: [VRFC 10-311] analyzing module RAM256X1S_HD1316
INFO: [VRFC 10-311] analyzing module RAM256X1S_HD1317
INFO: [VRFC 10-311] analyzing module RAM256X1S_HD1318
INFO: [VRFC 10-311] analyzing module RAM256X1S_HD1319
INFO: [VRFC 10-311] analyzing module RAM256X1S_HD1320
INFO: [VRFC 10-311] analyzing module RAM256X1S_HD1321
INFO: [VRFC 10-311] analyzing module RAM256X1S_HD1322
INFO: [VRFC 10-311] analyzing module RAM256X1S_HD1323
INFO: [VRFC 10-311] analyzing module RAM256X1S_HD1324
INFO: [VRFC 10-311] analyzing module RAM256X1S_HD1325
INFO: [VRFC 10-311] analyzing module RAM256X1S_HD1326
INFO: [VRFC 10-311] analyzing module RAM256X1S_HD1327
INFO: [VRFC 10-311] analyzing module RAM256X1S_HD1328
INFO: [VRFC 10-311] analyzing module RAM256X1S_HD1329
INFO: [VRFC 10-311] analyzing module RAM256X1S_HD1330
INFO: [VRFC 10-311] analyzing module RAM256X1S_HD1331
INFO: [VRFC 10-311] analyzing module RAM256X1S_HD1332
INFO: [VRFC 10-311] analyzing module RAM256X1S_HD1333
INFO: [VRFC 10-311] analyzing module RAM256X1S_HD1334
INFO: [VRFC 10-311] analyzing module RAM256X1S_HD1335
INFO: [VRFC 10-311] analyzing module RAM256X1S_HD1336
INFO: [VRFC 10-311] analyzing module RAM256X1S_HD1337
INFO: [VRFC 10-311] analyzing module RAM256X1S_HD1338
INFO: [VRFC 10-311] analyzing module RAM256X1S_HD1339
INFO: [VRFC 10-311] analyzing module RAM256X1S_HD1340
INFO: [VRFC 10-311] analyzing module RAM256X1S_HD1341
INFO: [VRFC 10-311] analyzing module RAM256X1S_HD1342
INFO: [VRFC 10-311] analyzing module RAM256X1S_HD1343
INFO: [VRFC 10-311] analyzing module RAM256X1S_HD1344
INFO: [VRFC 10-311] analyzing module RAM256X1S_HD1345
INFO: [VRFC 10-311] analyzing module RAM256X1S_HD1346
INFO: [VRFC 10-311] analyzing module RAM256X1S_HD1347
INFO: [VRFC 10-311] analyzing module RAM256X1S_HD1348
INFO: [VRFC 10-311] analyzing module RAM256X1S_HD1349
INFO: [VRFC 10-311] analyzing module RAM256X1S_HD1350
INFO: [VRFC 10-311] analyzing module RAM256X1S_HD1351
INFO: [VRFC 10-311] analyzing module RAM256X1S_HD1352
INFO: [VRFC 10-311] analyzing module RAM256X1S_HD1353
INFO: [VRFC 10-311] analyzing module RAM256X1S_HD1354
INFO: [VRFC 10-311] analyzing module RAM256X1S_HD1355
INFO: [VRFC 10-311] analyzing module RAM256X1S_HD1356
INFO: [VRFC 10-311] analyzing module RAM256X1S_HD1357
INFO: [VRFC 10-311] analyzing module RAM256X1S_HD1358
INFO: [VRFC 10-311] analyzing module RAM256X1S_HD1359
INFO: [VRFC 10-311] analyzing module RAM256X1S_HD1360
INFO: [VRFC 10-311] analyzing module RAM256X1S_HD1361
INFO: [VRFC 10-311] analyzing module RAM256X1S_HD1362
INFO: [VRFC 10-311] analyzing module RAM256X1S_HD1363
INFO: [VRFC 10-311] analyzing module RAM256X1S_HD1364
INFO: [VRFC 10-311] analyzing module RAM256X1S_HD1365
INFO: [VRFC 10-311] analyzing module RAM256X1S_HD1366
INFO: [VRFC 10-311] analyzing module RAM256X1S_HD1367
INFO: [VRFC 10-311] analyzing module RAM256X1S_HD1368
INFO: [VRFC 10-311] analyzing module RAM256X1S_HD1369
INFO: [VRFC 10-311] analyzing module RAM256X1S_HD1370
INFO: [VRFC 10-311] analyzing module RAM256X1S_HD1371
INFO: [VRFC 10-311] analyzing module RAM256X1S_HD1372
INFO: [VRFC 10-311] analyzing module RAM256X1S_HD1373
INFO: [VRFC 10-311] analyzing module RAM256X1S_HD1374
INFO: [VRFC 10-311] analyzing module RAM256X1S_HD1375
INFO: [VRFC 10-311] analyzing module RAM256X1S_HD1376
INFO: [VRFC 10-311] analyzing module RAM256X1S_HD1377
INFO: [VRFC 10-311] analyzing module RAM256X1S_HD1378
INFO: [VRFC 10-311] analyzing module RAM256X1S_HD1379
INFO: [VRFC 10-311] analyzing module RAM256X1S_HD1380
INFO: [VRFC 10-311] analyzing module RAM256X1S_HD1381
INFO: [VRFC 10-311] analyzing module RAM256X1S_HD1382
INFO: [VRFC 10-311] analyzing module RAM256X1S_HD1383
INFO: [VRFC 10-311] analyzing module RAM256X1S_HD1384
INFO: [VRFC 10-311] analyzing module RAM256X1S_HD1385
INFO: [VRFC 10-311] analyzing module RAM256X1S_HD1386
INFO: [VRFC 10-311] analyzing module RAM256X1S_HD1387
INFO: [VRFC 10-311] analyzing module RAM256X1S_HD1388
INFO: [VRFC 10-311] analyzing module RAM256X1S_HD1389
INFO: [VRFC 10-311] analyzing module RAM256X1S_HD1390
INFO: [VRFC 10-311] analyzing module RAM256X1S_HD1391
INFO: [VRFC 10-311] analyzing module RAM256X1S_HD1392
INFO: [VRFC 10-311] analyzing module RAM256X1S_HD1393
INFO: [VRFC 10-311] analyzing module RAM256X1S_HD1394
INFO: [VRFC 10-311] analyzing module RAM32M_UNIQ_BASE_
INFO: [VRFC 10-311] analyzing module RAM32M_HD1256
INFO: [VRFC 10-311] analyzing module RAM32M_HD1257
INFO: [VRFC 10-311] analyzing module RAM32M_HD1258
INFO: [VRFC 10-311] analyzing module RAM32M_HD1260
INFO: [VRFC 10-311] analyzing module RAM32M_HD1261
INFO: [VRFC 10-311] analyzing module RAM32M_HD1262
INFO: [VRFC 10-311] analyzing module RAM32M_HD1263
INFO: [VRFC 10-311] analyzing module RAM32M_HD1264
INFO: [VRFC 10-311] analyzing module RAM32M_HD1267
INFO: [VRFC 10-311] analyzing module RAM32X1D_UNIQ_BASE_
INFO: [VRFC 10-311] analyzing module RAM32X1D_HD1259
INFO: [VRFC 10-311] analyzing module RAM32X1D_HD1265
INFO: [VRFC 10-311] analyzing module RAM32X1D_HD1266
INFO: [VRFC 10-311] analyzing module ALU
INFO: [VRFC 10-311] analyzing module Decode_Cycle
INFO: [VRFC 10-311] analyzing module Execute_Cycle
INFO: [VRFC 10-311] analyzing module Fetch_Cycle
INFO: [VRFC 10-311] analyzing module Memory_Cycle
INFO: [VRFC 10-311] analyzing module PC
INFO: [VRFC 10-311] analyzing module Pipeline_top
INFO: [VRFC 10-311] analyzing module Register_File
INFO: [VRFC 10-311] analyzing module Sign_Extend
INFO: [VRFC 10-311] analyzing module data_mem
INFO: [VRFC 10-311] analyzing module glbl
INFO: [VRFC 10-2263] Analyzing Verilog file "E:/Electronics/Verilog Projects/RISC-V_Pipelined_Core/RISC-V Pipelined Core.srcs/sim_1/new/Pipeline_top_tb.v" into library xil_defaultlib
INFO: [VRFC 10-311] analyzing module Pipeline_top_tb
